../Core/Src/main.c:83:6:HAL_GPIO_EXTI_Callback	24	static
../Core/Src/main.c:96:6:check_humidity_and_control_pump	8	static
../Core/Src/main.c:119:6:update_lcd	56	static
../Core/Src/main.c:142:6:init_bmp280	8	static
../Core/Src/main.c:155:6:read_bmp280	24	static
../Core/Src/main.c:166:6:send_bluetooth_message	16	static
../Core/Src/main.c:171:6:send_sensor_data	184	static
../Core/Src/main.c:189:5:main	16	static
../Core/Src/main.c:258:6:SystemClock_Config	88	static
../Core/Src/main.c:305:13:MX_ADC1_Init	24	static
../Core/Src/main.c:357:13:MX_I2C1_Init	8	static
../Core/Src/main.c:391:13:MX_I2C2_Init	8	static
../Core/Src/main.c:425:13:MX_USART1_UART_Init	8	static
../Core/Src/main.c:458:13:MX_GPIO_Init	40	static
../Core/Src/main.c:500:6:Error_Handler	4	static,ignoring_inline_asm
